// Jest Snapshot v1, https://goo.gl/fbAQLP

exports[`should render the header 1`] = `
<header>
  <h1>
    Expensify
  </h1>
</header>
`;
