// Jest Snapshot v1, https://goo.gl/fbAQLP

exports[`should render navbar element correctly 1`] = `
<nav>
  <NavLink
    activeClassName="is-active"
    ariaCurrent="true"
    exact={true}
    to="/"
  >
    Home
  </NavLink>
  <NavLink
    activeClassName="is-active"
    ariaCurrent="true"
    to="/create"
  >
    Add
  </NavLink>
  <NavLink
    activeClassName="is-active"
    ariaCurrent="true"
    to="/help"
  >
    Help
  </NavLink>
  <NavLink
    activeClassName="is-active"
    ariaCurrent="true"
    to="/dne"
  >
    DNE
  </NavLink>
</nav>
`;
